// Jest Snapshot v1, https://goo.gl/fbAQLP

exports[`Home page matches snapshot 1`] = `
<DocumentFragment>
  <h1>
    Home Page
  </h1>
  <p>
    Click the link below to navigate to a page generated by 
    <code>
      next-mdx-remote
    </code>
    .
  </p>
  <ul>
    <li>
      <a
        href="/posts/example-post"
      >
        Example Post
      </a>
    </li>
    <li>
      <a
        href="/posts/hello-world"
      >
        Hello World
      </a>
    </li>
  </ul>
</DocumentFragment>
`;
